src/AdminDashboard.tsx(6,26): error TS6133: 'LineChart' is declared but its value is never read.
src/AdminDashboard.tsx(6,37): error TS6133: 'Line' is declared but its value is never read.
src/AdminDashboard.tsx(142,67): error TS6133: 'entry' is declared but its value is never read.
src/AdminUsers.tsx(4,17): error TS6133: 'BookOpen' is declared but its value is never read.
src/App.tsx(16,11): error TS6196: 'BookItem' is declared but never used.
src/components/MatchingPairsBlock.tsx(20,84): error TS6133: 'isAdmin' is declared but its value is never read.
src/Library.tsx(2,18): error TS6133: 'AnimatePresence' is declared but its value is never read.
src/Library.tsx(23,12): error TS6133: 'filter' is declared but its value is never read.
src/Library.tsx(23,20): error TS6133: 'setFilter' is declared but its value is never read.
src/Sidebar.tsx(5,38): error TS6133: 'Users' is declared but its value is never read.
